/usr/include/c++/11/chrono:537:2:constexpr std::chrono::duration<_Rep, _Period>::rep std::chrono::duration<_Rep, _Period>::count() const [with _Rep = long int; _Period = std::ratio<1, 1000000000>]	16	static
/usr/include/c++/11/chrono:521:23:constexpr std::chrono::duration<_Rep, _Period>::duration(const _Rep2&) [with _Rep2 = long int; <template-parameter-2-2> = void; _Rep = long int; _Period = std::ratio<1, 1000000000>]	16	static
main.cpp:72:5:int main()	16	static
main.cpp:109:6:void CheckRuntimeMeans()	128	static
main.cpp:167:6:void CheckRuntimeMeanSTD()	160	static
main.cpp:243:9:int64_t CheckRuntime(uint8_t*, MiNTT*)	208	static
main.cpp:256:9:int64_t CheckRuntimeQF4(uint8_t*, MiNTT*)	336	static
main.cpp:288:9:int64_t CheckRuntimeSWIFFT(uint8_t*, SWIFFT*)	144	static
main.cpp:303:9:int64_t MeanRuntime(MiNTT*)	336	static
main.cpp:321:9:int64_t MeanRuntimeQF4(MiNTT*)	592	static
main.cpp:340:9:int64_t MeanRuntimeSWIFFT(SWIFFT*)	176	static
main.cpp:380:6:void MeanSTDRuntime(MiNTT*, int64_t&, int64_t&)	800352	static
main.cpp:402:6:void MeanSTDRuntimeQF4(MiNTT*, int64_t&, int64_t&)	800608	static
main.cpp:506:6:void GenInput(uint8_t*)	48	static
main.cpp:515:6:void GenInputQF4(uint8_t*)	48	static
main.cpp:525:6:void GenInputSWIFFT(uint8_t*)	48	static
main.cpp:536:6:void PrintOut(uint8_t*)	48	static
main.cpp:550:6:void PrintOutQF4(uint8_t*)	48	static
main.cpp:566:9:int64_t CalcSTD(int64_t*, int64_t, int64_t&)	64	static
main.cpp:579:9:int64_t CalcSTD_QF4(int64_t*, int64_t, int64_t&)	64	static
/usr/include/c++/11/chrono:898:2:constexpr std::chrono::time_point<_Clock, _Dur>::duration std::chrono::time_point<_Clock, _Dur>::time_since_epoch() const [with _Clock = std::chrono::_V2::system_clock; _Dur = std::chrono::duration<long int, std::ratio<1, 1000000000> >]	16	static
/usr/include/c++/11/chrono:1042:7:constexpr typename std::common_type<_Duration1, _Duration2>::type std::chrono::operator-(const std::chrono::time_point<_Clock, _Duration1>&, const std::chrono::time_point<_Clock, _Duration2>&) [with _Clock = std::chrono::_V2::system_clock; _Dur1 = std::chrono::duration<long int, std::ratio<1, 1000000000> >; _Dur2 = std::chrono::duration<long int, std::ratio<1, 1000000000> >]	48	static
/usr/include/c++/11/chrono:267:7:constexpr std::chrono::__enable_if_is_duration<_ToDur> std::chrono::duration_cast(const std::chrono::duration<_Rep, _Period>&) [with _ToDur = std::chrono::duration<long int, std::ratio<1, 1000000000> >; _Rep = long int; _Period = std::ratio<1, 1000000000>]	32	static
/usr/include/c++/11/cmath:475:5:constexpr typename __gnu_cxx::__enable_if<std::__is_integer<_Tp>::__value, double>::__type std::sqrt(_Tp) [with _Tp = long int]	32	static
/usr/include/c++/11/chrono:660:7:constexpr typename std::common_type<std::chrono::duration<_Rep1, _Period1>, std::chrono::duration<_Rep2, _Period2> >::type std::chrono::operator-(const std::chrono::duration<_Rep1, _Period1>&, const std::chrono::duration<_Rep2, _Period2>&) [with _Rep1 = long int; _Period1 = std::ratio<1, 1000000000>; _Rep2 = long int; _Period2 = std::ratio<1, 1000000000>]	80	static
/usr/include/c++/11/chrono:211:4:static constexpr _ToDur std::chrono::__duration_cast_impl<_ToDur, _CF, _CR, true, true>::__cast(const std::chrono::duration<_Rep, _Period>&) [with _Rep = long int; _Period = std::ratio<1, 1000000000>; _ToDur = std::chrono::duration<long int, std::ratio<1, 1000000000> >; _CF = std::ratio<1>; _CR = long int]	48	static
main.cpp:590:1:void __static_initialization_and_destruction_0(int, int)	32	static
main.cpp:590:1:cpp)	16	static
