/usr/include/c++/11/bits/exception.h:64:5:std::exception::exception()	16	static
/usr/include/c++/11/bits/predefined_ops.h:50:3:constexpr __gnu_cxx::__ops::_Iter_less_iter __gnu_cxx::__ops::__iter_less_iter()	16	static
/usr/include/c++/11/bits/predefined_ops.h:63:5:__gnu_cxx::__ops::_Iter_less_val::_Iter_less_val(__gnu_cxx::__ops::_Iter_less_iter)	16	static
/usr/include/c++/11/bits/predefined_ops.h:108:3:__gnu_cxx::__ops::_Val_less_iter __gnu_cxx::__ops::__val_comp_iter(__gnu_cxx::__ops::_Iter_less_iter)	16	static
/usr/include/c++/11/bits/stl_algobase.h:1514:3:constexpr long int std::__lg(long int)	16	static
/usr/include/c++/11/bits/char_traits.h:393:7:static constexpr std::size_t std::char_traits<char>::length(const char_type*)	48	static
/usr/include/c++/11/chrono:537:2:constexpr std::chrono::duration<_Rep, _Period>::rep std::chrono::duration<_Rep, _Period>::count() const [with _Rep = long int; _Period = std::ratio<1, 1000000000>]	16	static
/usr/include/c++/11/chrono:521:23:constexpr std::chrono::duration<_Rep, _Period>::duration(const _Rep2&) [with _Rep2 = long int; <template-parameter-2-2> = void; _Rep = long int; _Period = std::ratio<1, 1000000000>]	16	static
/usr/local/include/cryptopp/cryptlib.h:185:10:CryptoPP::Exception::~Exception()	32	static
/usr/local/include/cryptopp/cryptlib.h:185:10:virtual CryptoPP::Exception::~Exception()	32	static
/usr/local/include/cryptopp/cryptlib.h:188:11:CryptoPP::Exception::Exception(CryptoPP::Exception::ErrorType, const string&)	64	static
/usr/local/include/cryptopp/cryptlib.h:191:14:virtual const char* CryptoPP::Exception::what() const	32	static
/usr/local/include/cryptopp/cryptlib.h:213:11:CryptoPP::InvalidArgument::InvalidArgument(const string&)	32	static
/usr/local/include/cryptopp/cryptlib.h:243:11:CryptoPP::NotImplemented::NotImplemented(const string&)	32	static
/usr/local/include/cryptopp/cryptlib.h:329:10:CryptoPP::NameValuePairs::~NameValuePairs()	16	static
/usr/local/include/cryptopp/cryptlib.h:329:10:virtual CryptoPP::NameValuePairs::~NameValuePairs()	32	static
/usr/local/include/cryptopp/cryptlib.h:207:20:CryptoPP::InvalidArgument::~InvalidArgument()	32	static
/usr/local/include/cryptopp/cryptlib.h:207:20:virtual CryptoPP::InvalidArgument::~InvalidArgument()	32	static
/usr/local/include/cryptopp/cryptlib.h:592:10:CryptoPP::Clonable::~Clonable()	16	static
/usr/local/include/cryptopp/cryptlib.h:592:10:virtual CryptoPP::Clonable::~Clonable()	32	static
/usr/local/include/cryptopp/cryptlib.h:599:20:virtual CryptoPP::Clonable* CryptoPP::Clonable::Clone() const	96	static
/usr/local/include/cryptopp/cryptlib.h:606:10:CryptoPP::Algorithm::~Algorithm()	32	static
/usr/local/include/cryptopp/cryptlib.h:606:10:virtual CryptoPP::Algorithm::~Algorithm()	32	static
/usr/local/include/cryptopp/cryptlib.h:624:22:virtual std::string CryptoPP::Algorithm::AlgorithmName() const	64	static
/usr/local/include/cryptopp/cryptlib.h:641:22:virtual std::string CryptoPP::Algorithm::AlgorithmProvider() const	64	static
/usr/local/include/cryptopp/cryptlib.h:1120:10:CryptoPP::HashTransformation::~HashTransformation()	32	static
/usr/local/include/cryptopp/cryptlib.h:1120:10:virtual CryptoPP::HashTransformation::~HashTransformation()	32	static
/usr/local/include/cryptopp/cryptlib.h:1147:15:virtual void CryptoPP::HashTransformation::Final(CryptoPP::byte*)	48	static
/usr/local/include/cryptopp/cryptlib.h:1170:23:virtual unsigned int CryptoPP::HashTransformation::BlockSize() const	16	static
/usr/local/include/cryptopp/cryptlib.h:1193:15:virtual void CryptoPP::HashTransformation::CalculateDigest(CryptoPP::byte*, const byte*, size_t)	48	static
/usr/local/include/cryptopp/cryptlib.h:1205:15:virtual bool CryptoPP::HashTransformation::Verify(const byte*)	48	static
/usr/local/include/cryptopp/cryptlib.h:1221:15:virtual bool CryptoPP::HashTransformation::VerifyDigest(const byte*, const byte*, size_t)	48	static
/usr/local/include/cryptopp/cryptlib.h:1243:15:virtual void CryptoPP::HashTransformation::CalculateTruncatedDigest(CryptoPP::byte*, size_t, const byte*, size_t)	64	static
/usr/local/include/cryptopp/cryptlib.h:1274:15:virtual bool CryptoPP::HashTransformation::VerifyTruncatedDigest(const byte*, size_t, const byte*, size_t)	64	static
/usr/local/include/cryptopp/cryptlib.h:1610:10:CryptoPP::Waitable::~Waitable()	16	static
/usr/local/include/cryptopp/cryptlib.h:1610:10:virtual CryptoPP::Waitable::~Waitable()	32	static
/usr/local/include/cryptopp/cryptlib.h:1659:10:CryptoPP::BufferedTransformation::~BufferedTransformation()	32	static
/usr/local/include/cryptopp/cryptlib.h:1659:10:virtual CryptoPP::BufferedTransformation::~BufferedTransformation()	32	static
/usr/local/include/cryptopp/cryptlib.h:1607:26:constexpr CryptoPP::Waitable::Waitable()	16	static
/usr/local/include/cryptopp/cryptlib.h:1662:2:CryptoPP::BufferedTransformation::BufferedTransformation()	32	static
/usr/local/include/cryptopp/cryptlib.h:1725:18:virtual CryptoPP::byte* CryptoPP::BufferedTransformation::CreatePutSpace(size_t&)	16	static
/usr/local/include/cryptopp/cryptlib.h:1731:16:virtual bool CryptoPP::BufferedTransformation::CanModifyInput() const	16	static
/usr/local/include/cryptopp/cryptlib.h:1783:18:virtual size_t CryptoPP::BufferedTransformation::PutModifiable2(CryptoPP::byte*, size_t, int, bool)	48	static
/usr/local/include/cryptopp/cryptlib.h:237:20:CryptoPP::NotImplemented::~NotImplemented()	32	static
/usr/local/include/cryptopp/cryptlib.h:237:20:virtual CryptoPP::NotImplemented::~NotImplemented()	32	static
/usr/local/include/cryptopp/cryptlib.h:1821:16:virtual void CryptoPP::BufferedTransformation::IsolatedInitialize(const CryptoPP::NameValuePairs&)	96	static
/usr/local/include/cryptopp/cryptlib.h:1837:16:virtual bool CryptoPP::BufferedTransformation::IsolatedMessageSeriesEnd(bool)	16	static
/usr/local/include/cryptopp/cryptlib.h:1886:16:virtual void CryptoPP::BufferedTransformation::SetAutoSignalPropagation(int)	16	static
/usr/local/include/cryptopp/cryptlib.h:1892:15:virtual int CryptoPP::BufferedTransformation::GetAutoSignalPropagation() const	16	static
/usr/local/include/cryptopp/cryptlib.h:2110:16:virtual bool CryptoPP::BufferedTransformation::GetNextMessageSeries()	16	static
/usr/local/include/cryptopp/cryptlib.h:2113:24:virtual unsigned int CryptoPP::BufferedTransformation::NumberOfMessagesInThisSeries() const	32	static
/usr/local/include/cryptopp/cryptlib.h:2116:24:virtual unsigned int CryptoPP::BufferedTransformation::NumberOfMessageSeries() const	16	static
/usr/local/include/cryptopp/cryptlib.h:2340:16:virtual bool CryptoPP::BufferedTransformation::Attachable()	16	static
/usr/local/include/cryptopp/cryptlib.h:2346:35:virtual CryptoPP::BufferedTransformation* CryptoPP::BufferedTransformation::AttachedTransformation()	16	static
/usr/local/include/cryptopp/cryptlib.h:2352:41:virtual const CryptoPP::BufferedTransformation* CryptoPP::BufferedTransformation::AttachedTransformation() const	32	static
/usr/local/include/cryptopp/cryptlib.h:2361:16:virtual void CryptoPP::BufferedTransformation::Detach(CryptoPP::BufferedTransformation*)	96	static
/usr/local/include/cryptopp/misc.h:527:13:void CryptoPP::memcpy_s(void*, size_t, const void*, size_t)	112	static
/usr/local/include/cryptopp/misc.h:1602:24:void CryptoPP::SecureWipeBuffer(T*, size_t) [with T = unsigned char]	16	static
/usr/local/include/cryptopp/misc.h:1617:24:void CryptoPP::SecureWipeBuffer(T*, size_t) [with T = short unsigned int]	16	static
/usr/local/include/cryptopp/misc.h:1632:24:void CryptoPP::SecureWipeBuffer(T*, size_t) [with T = unsigned int]	16	static
/usr/local/include/cryptopp/simple.h:194:26:CryptoPP::InputRejecting<CryptoPP::BufferedTransformation>::~InputRejecting()	32	static
/usr/local/include/cryptopp/simple.h:194:26:virtual CryptoPP::InputRejecting<CryptoPP::BufferedTransformation>::~InputRejecting()	32	static
/usr/local/include/cryptopp/simple.h:422:26:CryptoPP::AutoSignaling<CryptoPP::InputRejecting<CryptoPP::BufferedTransformation> >::~AutoSignaling()	32	static
/usr/local/include/cryptopp/simple.h:422:26:virtual CryptoPP::AutoSignaling<CryptoPP::InputRejecting<CryptoPP::BufferedTransformation> >::~AutoSignaling()	32	static
/usr/local/include/cryptopp/simple.h:451:2:CryptoPP::Store::Store()	32	static
/usr/local/include/cryptopp/simple.h:453:7:virtual void CryptoPP::Store::IsolatedInitialize(const CryptoPP::NameValuePairs&)	32	static
/usr/local/include/cryptopp/simple.h:481:9:virtual size_t CryptoPP::Sink::TransferTo2(CryptoPP::BufferedTransformation&, CryptoPP::lword&, const string&, bool)	16	static
/usr/local/include/cryptopp/simple.h:483:9:virtual size_t CryptoPP::Sink::CopyRangeTo2(CryptoPP::BufferedTransformation&, CryptoPP::lword&, CryptoPP::lword, const string&, bool) const	16	static
/usr/local/include/cryptopp/sha.h:90:53:static constexpr const char* CryptoPP::SHA256::StaticAlgorithmName()	16	static
/usr/local/include/cryptopp/cryptlib.h:1117:39:CryptoPP::HashTransformation::HashTransformation()	32	static
/usr/local/include/cryptopp/simple.h:194:26:CryptoPP::InputRejecting<CryptoPP::BufferedTransformation>::InputRejecting()	32	static
/usr/local/include/cryptopp/algparam.h:32:2:CryptoPP::ConstByteArrayParameter::ConstByteArrayParameter(const char*, bool)	64	static
/usr/local/include/cryptopp/algparam.h:44:2:CryptoPP::ConstByteArrayParameter::ConstByteArrayParameter(const byte*, size_t, bool)	64	static
/usr/local/include/cryptopp/algparam.h:69:7:void CryptoPP::ConstByteArrayParameter::Assign(const byte*, size_t, bool)	48	static
/usr/local/include/cryptopp/filters.h:38:10:CryptoPP::Filter::~Filter()	32	static
/usr/local/include/cryptopp/filters.h:38:10:virtual CryptoPP::Filter::~Filter()	32	static
/usr/local/include/cryptopp/filters.h:51:7:virtual bool CryptoPP::Filter::Attachable()	16	static
/usr/local/include/cryptopp/filters.h:92:15:virtual bool CryptoPP::Filter::ShouldPropagateMessageEnd() const	16	static
/usr/local/include/cryptopp/filters.h:93:15:virtual bool CryptoPP::Filter::ShouldPropagateMessageSeriesEnd() const	16	static
/usr/local/include/cryptopp/simple.h:478:39:CryptoPP::Sink::Sink()	32	static
/usr/local/include/cryptopp/simple.h:119:26:CryptoPP::Bufferless<CryptoPP::Sink>::Bufferless()	32	static
/usr/local/include/cryptopp/filters.h:1213:2:CryptoPP::ArraySink::ArraySink(CryptoPP::byte*, size_t)	48	static
/usr/local/include/cryptopp/simple.h:447:39:CryptoPP::Store::~Store()	32	static
/usr/local/include/cryptopp/simple.h:447:39:virtual CryptoPP::Store::~Store()	32	static
/usr/local/include/cryptopp/algparam.h:24:7:CryptoPP::ConstByteArrayParameter::~ConstByteArrayParameter()	32	static
/usr/local/include/cryptopp/filters.h:1263:2:CryptoPP::StringStore::StringStore(const char*)	144	static
/usr/local/include/cryptopp/simple.h:194:26:CryptoPP::InputRejecting<CryptoPP::Filter>::~InputRejecting()	32	static
/usr/local/include/cryptopp/simple.h:194:26:virtual CryptoPP::InputRejecting<CryptoPP::Filter>::~InputRejecting()	32	static
/usr/local/include/cryptopp/filters.h:1347:10:CryptoPP::Source::~Source()	32	static
/usr/local/include/cryptopp/filters.h:1347:10:virtual CryptoPP::Source::~Source()	32	static
/usr/local/include/cryptopp/simple.h:194:26:CryptoPP::InputRejecting<CryptoPP::Filter>::InputRejecting()	32	static
/usr/local/include/cryptopp/filters.h:1351:2:CryptoPP::Source::Source(CryptoPP::BufferedTransformation*)	48	static
/usr/local/include/cryptopp/filters.h:1382:7:void CryptoPP::Source::PumpAll()	32	static
/usr/local/include/cryptopp/filters.h:1416:7:void CryptoPP::Source::SourceInitialize(bool, const CryptoPP::NameValuePairs&)	48	static
/usr/local/include/cryptopp/filters.h:1478:2:CryptoPP::StringSource::StringSource(const byte*, size_t, bool, CryptoPP::BufferedTransformation*)	176	static
main.cpp:62:5:int main()	480	static
main.cpp:85:6:void CheckRuntimeMeans()	128	static
main.cpp:143:6:void CheckRuntimeMeanSTD()	160	static
main.cpp:219:9:int64_t CheckRuntime(uint8_t*, MiNTT*)	208	static
main.cpp:232:9:int64_t CheckRuntimeQF4(uint8_t*, MiNTT*)	336	static
/usr/local/include/cryptopp/sha.h:64:20:CryptoPP::SHA256::SHA256()	32	static
main.cpp:245:9:int64_t CheckRuntimeSHA256(uint8_t*)	464	dynamic,bounded
main.cpp:265:9:int64_t MeanRuntime(MiNTT*)	336	static
main.cpp:282:9:int64_t MeanRuntimeQF4(MiNTT*)	592	static
main.cpp:299:9:int64_t MeanRuntimeSHA256()	336	static
main.cpp:320:6:void MeanSTDRuntime(MiNTT*, int64_t&, int64_t&)	800352	static
main.cpp:342:6:void MeanSTDRuntimeQF4(MiNTT*, int64_t&, int64_t&)	800608	static
main.cpp:366:10:uint64_t MeasureCycles(uint8_t*, MiNTT*)	208	static
main.cpp:382:10:uint64_t MeasureCyclesSHA256(uint8_t*)	448	dynamic,bounded
main.cpp:407:9:int64_t MeanCycles(MiNTT*)	336	static
main.cpp:424:9:int64_t MedianCycles(MiNTT*)	800336	static
main.cpp:446:6:void GenInput(uint8_t*)	48	static
main.cpp:455:6:void GenInputQF4(uint8_t*)	48	static
main.cpp:466:6:void PrintOut(uint8_t*)	48	static
main.cpp:480:6:void PrintOutQF4(uint8_t*)	48	static
main.cpp:496:9:int64_t CalcSTD(int64_t*, int64_t, int64_t&)	64	static
main.cpp:509:9:int64_t CalcSTD_QF4(int64_t*, int64_t, int64_t&)	64	static
/usr/include/c++/11/bits/char_traits.h:106:7:static constexpr bool __gnu_cxx::char_traits<_CharT>::eq(const char_type&, const char_type&) [with _CharT = char]	16	static
/usr/include/c++/11/bits/char_traits.h:167:5:static constexpr std::size_t __gnu_cxx::char_traits<_CharT>::length(const char_type*) [with _CharT = char]	48	static
/usr/include/c++/11/bits/basic_string.h:158:14:std::__cxx11::basic_string<char>::_Alloc_hider::~_Alloc_hider()	32	static
/usr/include/c++/11/chrono:898:2:constexpr std::chrono::time_point<_Clock, _Dur>::duration std::chrono::time_point<_Clock, _Dur>::time_since_epoch() const [with _Clock = std::chrono::_V2::system_clock; _Dur = std::chrono::duration<long int, std::ratio<1, 1000000000> >]	16	static
/usr/include/c++/11/bits/basic_string.h:533:7:std::__cxx11::basic_string<_CharT, _Traits, _Alloc>::basic_string(const _CharT*, const _Alloc&) [with <template-parameter-2-1> = std::allocator<char>; _CharT = char; _Traits = std::char_traits<char>; _Alloc = std::allocator<char>]	80	static
/usr/local/include/cryptopp/simple.h:427:2:CryptoPP::AutoSignaling<T>::AutoSignaling(int) [with T = CryptoPP::InputRejecting<CryptoPP::BufferedTransformation>]	32	static
/usr/local/include/cryptopp/secblock.h:766:11:CryptoPP::SecBlock<T, A>::SecBlock(CryptoPP::SecBlock<T, A>::size_type) [with T = unsigned char; A = CryptoPP::AllocatorWithCleanup<unsigned char, false>]	32	static
/usr/local/include/cryptopp/secblock.h:798:2:CryptoPP::SecBlock<T, A>::~SecBlock() [with T = unsigned char; A = CryptoPP::AllocatorWithCleanup<unsigned char, false>]	48	static
/usr/local/include/cryptopp/secblock.h:898:7:void CryptoPP::SecBlock<T, A>::Assign(const T*, CryptoPP::SecBlock<T, A>::size_type) [with T = unsigned char; A = CryptoPP::AllocatorWithCleanup<unsigned char, false>]	48	static
/usr/local/include/cryptopp/smartptr.h:69:20:CryptoPP::member_ptr<T>::~member_ptr() [with T = CryptoPP::AlgorithmParametersBase]	32	static
/usr/local/include/cryptopp/smartptr.h:40:11:CryptoPP::member_ptr<T>::member_ptr(T*) [with T = CryptoPP::AlgorithmParametersBase]	16	static
/usr/local/include/cryptopp/smartptr.h:53:5:T* CryptoPP::member_ptr<T>::release() [with T = CryptoPP::AlgorithmParametersBase]	16	static
/usr/local/include/cryptopp/smartptr.h:70:25:void CryptoPP::member_ptr<T>::reset(T*) [with T = CryptoPP::AlgorithmParametersBase]	32	static
/usr/local/include/cryptopp/smartptr.h:69:20:CryptoPP::member_ptr<T>::~member_ptr() [with T = CryptoPP::BufferedTransformation]	32	static
/usr/local/include/cryptopp/secblock.h:1126:7:void CryptoPP::SecBlock<T, A>::New(CryptoPP::SecBlock<T, A>::size_type) [with T = unsigned char; A = CryptoPP::AllocatorWithCleanup<unsigned char, false>]	32	static
/usr/local/include/cryptopp/algparam.h:508:21:CryptoPP::AlgorithmParameters CryptoPP::MakeParameters(const char*, const T&, bool) [with T = CryptoPP::ConstByteArrayParameter]	96	static
/usr/local/include/cryptopp/filters.h:1258:7:CryptoPP::StringStore::~StringStore()	32	static
/usr/local/include/cryptopp/filters.h:1258:7:virtual CryptoPP::StringStore::~StringStore()	32	static
/usr/local/include/cryptopp/filters.h:1435:2:CryptoPP::SourceTemplate<T>::SourceTemplate(CryptoPP::BufferedTransformation*) [with T = CryptoPP::StringStore]	48	static
/usr/local/include/cryptopp/filters.h:1431:10:CryptoPP::SourceTemplate<T>::~SourceTemplate() [with T = CryptoPP::StringStore]	32	static
/usr/local/include/cryptopp/filters.h:1431:10:CryptoPP::SourceTemplate<T>::~SourceTemplate() [with T = CryptoPP::StringStore]	32	static
/usr/include/c++/11/chrono:1042:7:constexpr typename std::common_type<_Duration1, _Duration2>::type std::chrono::operator-(const std::chrono::time_point<_Clock, _Duration1>&, const std::chrono::time_point<_Clock, _Duration2>&) [with _Clock = std::chrono::_V2::system_clock; _Dur1 = std::chrono::duration<long int, std::ratio<1, 1000000000> >; _Dur2 = std::chrono::duration<long int, std::ratio<1, 1000000000> >]	48	static
/usr/include/c++/11/chrono:267:7:constexpr std::chrono::__enable_if_is_duration<_ToDur> std::chrono::duration_cast(const std::chrono::duration<_Rep, _Period>&) [with _ToDur = std::chrono::duration<long int, std::ratio<1, 1000000000> >; _Rep = long int; _Period = std::ratio<1, 1000000000>]	32	static
/usr/local/include/cryptopp/secblock.h:1245:7:CryptoPP::FixedSizeSecBlock<unsigned int, 16, CryptoPP::FixedSizeAllocatorWithCleanup<unsigned int, 16, CryptoPP::NullAllocator<unsigned int>, false> >::~FixedSizeSecBlock()	32	static
/usr/local/include/cryptopp/iterhash.h:126:26:CryptoPP::IteratedHash<unsigned int, CryptoPP::EnumToType<CryptoPP::ByteOrder, 1>, 64, CryptoPP::HashTransformation>::IteratedHash()	48	static
/usr/local/include/cryptopp/simple.h:39:26:CryptoPP::AlgorithmImpl<CryptoPP::IteratedHash<unsigned int, CryptoPP::EnumToType<CryptoPP::ByteOrder, 1>, 64, CryptoPP::HashTransformation>, CryptoPP::SHA256>::AlgorithmImpl()	32	static
/usr/local/include/cryptopp/simple.h:39:26:CryptoPP::AlgorithmImpl<CryptoPP::IteratedHash<unsigned int, CryptoPP::EnumToType<CryptoPP::ByteOrder, 1>, 64, CryptoPP::HashTransformation>, CryptoPP::SHA256>::~AlgorithmImpl()	32	static
/usr/local/include/cryptopp/simple.h:39:26:virtual CryptoPP::AlgorithmImpl<CryptoPP::IteratedHash<unsigned int, CryptoPP::EnumToType<CryptoPP::ByteOrder, 1>, 64, CryptoPP::HashTransformation>, CryptoPP::SHA256>::~AlgorithmImpl()	32	static
/usr/local/include/cryptopp/simple.h:25:26:CryptoPP::ClonableImpl<CryptoPP::SHA256, CryptoPP::AlgorithmImpl<CryptoPP::IteratedHash<unsigned int, CryptoPP::EnumToType<CryptoPP::ByteOrder, 1>, 64, CryptoPP::HashTransformation>, CryptoPP::SHA256> >::ClonableImpl()	32	static
/usr/local/include/cryptopp/simple.h:25:26:CryptoPP::ClonableImpl<CryptoPP::SHA256, CryptoPP::AlgorithmImpl<CryptoPP::IteratedHash<unsigned int, CryptoPP::EnumToType<CryptoPP::ByteOrder, 1>, 64, CryptoPP::HashTransformation>, CryptoPP::SHA256> >::~ClonableImpl()	32	static
/usr/local/include/cryptopp/simple.h:25:26:virtual CryptoPP::ClonableImpl<CryptoPP::SHA256, CryptoPP::AlgorithmImpl<CryptoPP::IteratedHash<unsigned int, CryptoPP::EnumToType<CryptoPP::ByteOrder, 1>, 64, CryptoPP::HashTransformation>, CryptoPP::SHA256> >::~ClonableImpl()	32	static
/usr/local/include/cryptopp/secblock.h:1245:7:CryptoPP::FixedSizeSecBlock<unsigned int, 16, CryptoPP::FixedSizeAllocatorWithCleanup<unsigned int, 16, CryptoPP::NullAllocator<unsigned int>, true> >::~FixedSizeSecBlock()	32	static
/usr/local/include/cryptopp/secblock.h:1258:7:CryptoPP::FixedSizeAlignedSecBlock<unsigned int, 16, true>::FixedSizeAlignedSecBlock()	32	static
/usr/local/include/cryptopp/secblock.h:1258:7:CryptoPP::FixedSizeAlignedSecBlock<unsigned int, 16, true>::~FixedSizeAlignedSecBlock()	32	static
/usr/local/include/cryptopp/iterhash.h:195:2:CryptoPP::IteratedHashWithStaticTransform<T_HashWordType, T_Endianness, T_BlockSize, T_StateSize, T_Transform, T_DigestSize, T_StateAligned>::IteratedHashWithStaticTransform() [with T_HashWordType = unsigned int; T_Endianness = CryptoPP::EnumToType<CryptoPP::ByteOrder, 1>; unsigned int T_BlockSize = 64; unsigned int T_StateSize = 32; T_Transform = CryptoPP::SHA256; unsigned int T_DigestSize = 32; bool T_StateAligned = true]	48	static
/usr/local/include/cryptopp/iterhash.h:186:10:CryptoPP::IteratedHashWithStaticTransform<T_HashWordType, T_Endianness, T_BlockSize, T_StateSize, T_Transform, T_DigestSize, T_StateAligned>::~IteratedHashWithStaticTransform() [with T_HashWordType = unsigned int; T_Endianness = CryptoPP::EnumToType<CryptoPP::ByteOrder, 1>; unsigned int T_BlockSize = 64; unsigned int T_StateSize = 32; T_Transform = CryptoPP::SHA256; unsigned int T_DigestSize = 32; bool T_StateAligned = true]	32	static
/usr/local/include/cryptopp/iterhash.h:186:10:CryptoPP::IteratedHashWithStaticTransform<T_HashWordType, T_Endianness, T_BlockSize, T_StateSize, T_Transform, T_DigestSize, T_StateAligned>::~IteratedHashWithStaticTransform() [with T_HashWordType = unsigned int; T_Endianness = CryptoPP::EnumToType<CryptoPP::ByteOrder, 1>; unsigned int T_BlockSize = 64; unsigned int T_StateSize = 32; T_Transform = CryptoPP::SHA256; unsigned int T_DigestSize = 32; bool T_StateAligned = true]	32	static
/usr/include/c++/11/bits/stl_algo.h:4832:5:void std::sort(_RAIter, _RAIter) [with _RAIter = long int*]	32	static
/usr/include/c++/11/cmath:475:5:constexpr typename __gnu_cxx::__enable_if<std::__is_integer<_Tp>::__value, double>::__type std::sqrt(_Tp) [with _Tp = long int]	32	static
/usr/include/c++/11/bits/stl_iterator_base_funcs.h:138:5:constexpr typename std::iterator_traits< <template-parameter-1-1> >::difference_type std::distance(_InputIterator, _InputIterator) [with _InputIterator = const char*]	32	static
/usr/include/c++/11/bits/basic_string.tcc:206:7:void std::__cxx11::basic_string<_CharT, _Traits, _Alloc>::_M_construct(_InIterator, _InIterator, std::forward_iterator_tag) [with _FwdIterator = const char*; _CharT = char; _Traits = std::char_traits<char>; _Alloc = std::allocator<char>]	80	static
/usr/local/include/cryptopp/misc.h:657:36:const T& CryptoPP::STDMIN(const T&, const T&) [with T = long unsigned int]	16	static
/usr/local/include/cryptopp/algparam.h:466:24:CryptoPP::AlgorithmParameters& CryptoPP::AlgorithmParameters::operator()(const char*, const T&, bool) [with T = CryptoPP::ConstByteArrayParameter]	96	static
/usr/include/c++/11/chrono:660:7:constexpr typename std::common_type<std::chrono::duration<_Rep1, _Period1>, std::chrono::duration<_Rep2, _Period2> >::type std::chrono::operator-(const std::chrono::duration<_Rep1, _Period1>&, const std::chrono::duration<_Rep2, _Period2>&) [with _Rep1 = long int; _Period1 = std::ratio<1, 1000000000>; _Rep2 = long int; _Period2 = std::ratio<1, 1000000000>]	80	static
/usr/include/c++/11/chrono:211:4:static constexpr _ToDur std::chrono::__duration_cast_impl<_ToDur, _CF, _CR, true, true>::__cast(const std::chrono::duration<_Rep, _Period>&) [with _Rep = long int; _Period = std::ratio<1, 1000000000>; _ToDur = std::chrono::duration<long int, std::ratio<1, 1000000000> >; _CF = std::ratio<1>; _CR = long int]	48	static
/usr/local/include/cryptopp/iterhash.h:46:2:CryptoPP::IteratedHashBase<T, BASE>::IteratedHashBase() [with T = unsigned int; BASE = CryptoPP::HashTransformation]	32	static
/usr/local/include/cryptopp/iterhash.h:43:10:CryptoPP::IteratedHashBase<T, BASE>::~IteratedHashBase() [with T = unsigned int; BASE = CryptoPP::HashTransformation]	32	static
/usr/local/include/cryptopp/iterhash.h:43:10:CryptoPP::IteratedHashBase<T, BASE>::~IteratedHashBase() [with T = unsigned int; BASE = CryptoPP::HashTransformation]	32	static
/usr/local/include/cryptopp/secblock.h:1249:11:CryptoPP::FixedSizeSecBlock<T, S, A>::FixedSizeSecBlock() [with T = unsigned int; unsigned int S = 16; A = CryptoPP::FixedSizeAllocatorWithCleanup<unsigned int, 16, CryptoPP::NullAllocator<unsigned int>, false>]	32	static
/usr/local/include/cryptopp/secblock.h:798:2:CryptoPP::SecBlock<T, A>::~SecBlock() [with T = unsigned int; A = CryptoPP::FixedSizeAllocatorWithCleanup<unsigned int, 16, CryptoPP::NullAllocator<unsigned int>, false>]	48	static
/usr/local/include/cryptopp/iterhash.h:136:10:CryptoPP::IteratedHash<T_HashWordType, T_Endianness, T_BlockSize, T_Base>::~IteratedHash() [with T_HashWordType = unsigned int; T_Endianness = CryptoPP::EnumToType<CryptoPP::ByteOrder, 1>; unsigned int T_BlockSize = 64; T_Base = CryptoPP::HashTransformation]	32	static
/usr/local/include/cryptopp/iterhash.h:136:10:CryptoPP::IteratedHash<T_HashWordType, T_Endianness, T_BlockSize, T_Base>::~IteratedHash() [with T_HashWordType = unsigned int; T_Endianness = CryptoPP::EnumToType<CryptoPP::ByteOrder, 1>; unsigned int T_BlockSize = 64; T_Base = CryptoPP::HashTransformation]	32	static
/usr/local/include/cryptopp/secblock.h:1249:11:CryptoPP::FixedSizeSecBlock<T, S, A>::FixedSizeSecBlock() [with T = unsigned int; unsigned int S = 16; A = CryptoPP::FixedSizeAllocatorWithCleanup<unsigned int, 16, CryptoPP::NullAllocator<unsigned int>, true>]	32	static
/usr/local/include/cryptopp/secblock.h:798:2:CryptoPP::SecBlock<T, A>::~SecBlock() [with T = unsigned int; A = CryptoPP::FixedSizeAllocatorWithCleanup<unsigned int, 16, CryptoPP::NullAllocator<unsigned int>, true>]	48	static
/usr/local/include/cryptopp/iterhash.h:197:7:void CryptoPP::IteratedHashWithStaticTransform<T_HashWordType, T_Endianness, T_BlockSize, T_StateSize, T_Transform, T_DigestSize, T_StateAligned>::Init() [with T_HashWordType = unsigned int; T_Endianness = CryptoPP::EnumToType<CryptoPP::ByteOrder, 1>; unsigned int T_BlockSize = 64; unsigned int T_StateSize = 32; T_Transform = CryptoPP::SHA256; unsigned int T_DigestSize = 32; bool T_StateAligned = true]	32	static
/usr/include/c++/11/bits/stl_algo.h:1949:5:void std::__sort(_RandomAccessIterator, _RandomAccessIterator, _Compare) [with _RandomAccessIterator = long int*; _Compare = __gnu_cxx::__ops::_Iter_less_iter]	48	static
/usr/include/c++/11/ext/type_traits.h:152:5:bool __gnu_cxx::__is_null_pointer(_Type*) [with _Type = const char]	16	static
/usr/include/c++/11/bits/stl_iterator_base_types.h:238:5:constexpr typename std::iterator_traits< <template-parameter-1-1> >::iterator_category std::__iterator_category(const _Iter&) [with _Iter = const char*]	16	static
/usr/include/c++/11/bits/stl_iterator_base_funcs.h:98:5:constexpr typename std::iterator_traits< <template-parameter-1-1> >::difference_type std::__distance(_RandomAccessIterator, _RandomAccessIterator, std::random_access_iterator_tag) [with _RandomAccessIterator = const char*]	16	static
/usr/local/include/cryptopp/smartptr.h:48:5:T* CryptoPP::member_ptr<T>::operator->() [with T = CryptoPP::AlgorithmParametersBase]	16	static
/usr/local/include/cryptopp/secblock.h:766:11:CryptoPP::SecBlock<T, A>::SecBlock(CryptoPP::SecBlock<T, A>::size_type) [with T = unsigned int; A = CryptoPP::FixedSizeAllocatorWithCleanup<unsigned int, 16, CryptoPP::NullAllocator<unsigned int>, false>]	32	static
/usr/local/include/cryptopp/secblock.h:643:7:void CryptoPP::FixedSizeAllocatorWithCleanup<T, S, A, false>::deallocate(void*, CryptoPP::FixedSizeAllocatorWithCleanup<T, S, A, false>::size_type) [with T = unsigned int; long unsigned int S = 16; A = CryptoPP::NullAllocator<unsigned int>]	48	static
/usr/local/include/cryptopp/secblock.h:766:11:CryptoPP::SecBlock<T, A>::SecBlock(CryptoPP::SecBlock<T, A>::size_type) [with T = unsigned int; A = CryptoPP::FixedSizeAllocatorWithCleanup<unsigned int, 16, CryptoPP::NullAllocator<unsigned int>, true>]	32	static
/usr/local/include/cryptopp/secblock.h:421:7:void CryptoPP::FixedSizeAllocatorWithCleanup<T, S, A, true>::deallocate(void*, CryptoPP::FixedSizeAllocatorWithCleanup<T, S, A, true>::size_type) [with T = unsigned int; long unsigned int S = 16; A = CryptoPP::NullAllocator<unsigned int>]	48	static
/usr/local/include/cryptopp/secblock.h:829:2:CryptoPP::SecBlock<T, A>::operator T*() [with T = unsigned int; A = CryptoPP::FixedSizeAllocatorWithCleanup<unsigned int, 16, CryptoPP::NullAllocator<unsigned int>, true>]	16	static
/usr/include/c++/11/bits/stl_algo.h:1925:5:void std::__introsort_loop(_RandomAccessIterator, _RandomAccessIterator, _Size, _Compare) [with _RandomAccessIterator = long int*; _Size = long int; _Compare = __gnu_cxx::__ops::_Iter_less_iter]	64	static
/usr/include/c++/11/bits/stl_algo.h:1861:5:void std::__final_insertion_sort(_RandomAccessIterator, _RandomAccessIterator, _Compare) [with _RandomAccessIterator = long int*; _Compare = __gnu_cxx::__ops::_Iter_less_iter]	48	static
/usr/local/include/cryptopp/misc.h:1409:21:unsigned int CryptoPP::GetAlignmentOf() [with T = unsigned int]	16	static
/usr/local/include/cryptopp/misc.h:1409:21:unsigned int CryptoPP::GetAlignmentOf() [with T = short unsigned int]	16	static
/usr/local/include/cryptopp/secblock.h:624:10:CryptoPP::FixedSizeAllocatorWithCleanup<T, S, A, false>::pointer CryptoPP::FixedSizeAllocatorWithCleanup<T, S, A, false>::allocate(CryptoPP::FixedSizeAllocatorWithCleanup<T, S, A, false>::size_type, const void*) [with T = unsigned int; long unsigned int S = 16; A = CryptoPP::NullAllocator<unsigned int>]	48	static
/usr/local/include/cryptopp/secblock.h:584:2:CryptoPP::FixedSizeAllocatorWithCleanup<T, S, A, false>::FixedSizeAllocatorWithCleanup() [with T = unsigned int; long unsigned int S = 16; A = CryptoPP::NullAllocator<unsigned int>]	16	static
/usr/local/include/cryptopp/secblock.h:716:5:T* CryptoPP::FixedSizeAllocatorWithCleanup<T, S, A, false>::GetAlignedArray() [with T = unsigned int; long unsigned int S = 16; A = CryptoPP::NullAllocator<unsigned int>]	16	static
/usr/local/include/cryptopp/misc.h:1700:13:void CryptoPP::SecureWipeArray(T*, size_t) [with T = unsigned int]	48	static
/usr/local/include/cryptopp/secblock.h:313:7:void CryptoPP::NullAllocator<T>::deallocate(void*, CryptoPP::NullAllocator<T>::size_type) [with T = unsigned int]	16	static
/usr/local/include/cryptopp/secblock.h:400:10:CryptoPP::FixedSizeAllocatorWithCleanup<T, S, A, true>::pointer CryptoPP::FixedSizeAllocatorWithCleanup<T, S, A, true>::allocate(CryptoPP::FixedSizeAllocatorWithCleanup<T, S, A, true>::size_type, const void*) [with T = unsigned int; long unsigned int S = 16; A = CryptoPP::NullAllocator<unsigned int>]	48	static
/usr/local/include/cryptopp/secblock.h:360:2:CryptoPP::FixedSizeAllocatorWithCleanup<T, S, A, true>::FixedSizeAllocatorWithCleanup() [with T = unsigned int; long unsigned int S = 16; A = CryptoPP::NullAllocator<unsigned int>]	16	static
/usr/local/include/cryptopp/secblock.h:507:5:T* CryptoPP::FixedSizeAllocatorWithCleanup<T, S, A, true>::GetAlignedArray() [with T = unsigned int; long unsigned int S = 16; A = CryptoPP::NullAllocator<unsigned int>]	16	static
/usr/include/c++/11/bits/stl_algo.h:1912:5:void std::__partial_sort(_RandomAccessIterator, _RandomAccessIterator, _RandomAccessIterator, _Compare) [with _RandomAccessIterator = long int*; _Compare = __gnu_cxx::__ops::_Iter_less_iter]	48	static
/usr/include/c++/11/bits/stl_algo.h:1900:5:_RandomAccessIterator std::__unguarded_partition_pivot(_RandomAccessIterator, _RandomAccessIterator, _Compare) [with _RandomAccessIterator = long int*; _Compare = __gnu_cxx::__ops::_Iter_less_iter]	64	static
/usr/include/c++/11/bits/stl_algo.h:1819:5:void std::__insertion_sort(_RandomAccessIterator, _RandomAccessIterator, _Compare) [with _RandomAccessIterator = long int*; _Compare = __gnu_cxx::__ops::_Iter_less_iter]	64	static
/usr/include/c++/11/bits/stl_algo.h:1843:5:void std::__unguarded_insertion_sort(_RandomAccessIterator, _RandomAccessIterator, _Compare) [with _RandomAccessIterator = long int*; _Compare = __gnu_cxx::__ops::_Iter_less_iter]	64	static
/usr/local/include/cryptopp/secblock.h:307:10:CryptoPP::NullAllocator<T>::pointer CryptoPP::NullAllocator<T>::allocate(CryptoPP::NullAllocator<T>::size_type, const void*) [with T = unsigned int]	16	static
/usr/include/c++/11/bits/stl_algo.h:1642:5:void std::__heap_select(_RandomAccessIterator, _RandomAccessIterator, _RandomAccessIterator, _Compare) [with _RandomAccessIterator = long int*; _Compare = __gnu_cxx::__ops::_Iter_less_iter]	64	static
/usr/include/c++/11/bits/stl_heap.h:418:5:void std::__sort_heap(_RandomAccessIterator, _RandomAccessIterator, _Compare&) [with _RandomAccessIterator = long int*; _Compare = __gnu_cxx::__ops::_Iter_less_iter]	48	static
/usr/include/c++/11/bits/predefined_ops.h:44:7:constexpr bool __gnu_cxx::__ops::_Iter_less_iter::operator()(_Iterator1, _Iterator2) const [with _Iterator1 = long int*; _Iterator2 = long int*]	16	static
/usr/include/c++/11/bits/stl_algo.h:79:5:void std::__move_median_to_first(_Iterator, _Iterator, _Iterator, _Iterator, _Compare) [with _Iterator = long int*; _Compare = __gnu_cxx::__ops::_Iter_less_iter]	64	static
/usr/include/c++/11/bits/stl_algo.h:1878:5:_RandomAccessIterator std::__unguarded_partition(_RandomAccessIterator, _RandomAccessIterator, _RandomAccessIterator, _Compare) [with _RandomAccessIterator = long int*; _Compare = __gnu_cxx::__ops::_Iter_less_iter]	48	static
/usr/include/c++/11/bits/move.h:104:5:constexpr typename std::remove_reference<_Tp>::type&& std::move(_Tp&&) [with _Tp = long int&]	16	static
/usr/include/c++/11/bits/stl_algobase.h:884:5:_BI2 std::move_backward(_BI1, _BI1, _BI2) [with _BI1 = long int*; _BI2 = long int*]	64	static
/usr/include/c++/11/bits/stl_algo.h:1799:5:void std::__unguarded_linear_insert(_RandomAccessIterator, _Compare) [with _RandomAccessIterator = long int*; _Compare = __gnu_cxx::__ops::_Val_less_iter]	48	static
/usr/include/c++/11/bits/stl_heap.h:339:5:void std::__make_heap(_RandomAccessIterator, _RandomAccessIterator, _Compare&) [with _RandomAccessIterator = long int*; _Compare = __gnu_cxx::__ops::_Iter_less_iter]	80	static
/usr/include/c++/11/bits/stl_heap.h:253:5:void std::__pop_heap(_RandomAccessIterator, _RandomAccessIterator, _RandomAccessIterator, _Compare&) [with _RandomAccessIterator = long int*; _Compare = __gnu_cxx::__ops::_Iter_less_iter]	64	static
/usr/include/c++/11/bits/stl_algobase.h:152:5:void std::iter_swap(_ForwardIterator1, _ForwardIterator2) [with _ForwardIterator1 = long int*; _ForwardIterator2 = long int*]	32	static
/usr/include/c++/11/bits/cpp_type_traits.h:560:5:_Iterator std::__miter_base(_Iterator) [with _Iterator = long int*]	16	static
/usr/include/c++/11/bits/stl_algobase.h:796:5:_OI std::__copy_move_backward_a(_II, _II, _OI) [with bool _IsMove = true; _II = long int*; _OI = long int*]	64	static
/usr/include/c++/11/bits/predefined_ops.h:97:7:bool __gnu_cxx::__ops::_Val_less_iter::operator()(_Value&, _Iterator) const [with _Value = long int; _Iterator = long int*]	16	static
/usr/include/c++/11/bits/stl_heap.h:223:5:void std::__adjust_heap(_RandomAccessIterator, _Distance, _Distance, _Tp, _Compare) [with _RandomAccessIterator = long int*; _Distance = long int; _Tp = long int; _Compare = __gnu_cxx::__ops::_Iter_less_iter]	96	static
/usr/include/c++/11/bits/move.h:196:5:std::_Require<std::__not_<std::__is_tuple_like<_Tp> >, std::is_move_constructible<_Tp>, std::is_move_assignable<_Tp> > std::swap(_Tp&, _Tp&) [with _Tp = long int]	48	static
/usr/include/c++/11/bits/stl_algobase.h:313:5:_Iterator std::__niter_base(_Iterator) [with _Iterator = long int*]	16	static
/usr/include/c++/11/bits/stl_algobase.h:768:5:_BI2 std::__copy_move_backward_a1(_BI1, _BI1, _BI2) [with bool _IsMove = true; _BI1 = long int*; _BI2 = long int*]	48	static
/usr/include/c++/11/bits/stl_algobase.h:335:5:_Iterator std::__niter_wrap(const _Iterator&, _Iterator) [with _Iterator = long int*]	16	static
/usr/include/c++/11/bits/move.h:104:5:constexpr typename std::remove_reference<_Tp>::type&& std::move(_Tp&&) [with _Tp = __gnu_cxx::__ops::_Iter_less_iter&]	16	static
/usr/include/c++/11/bits/stl_heap.h:134:5:void std::__push_heap(_RandomAccessIterator, _Distance, _Distance, _Tp, _Compare&) [with _RandomAccessIterator = long int*; _Distance = long int; _Tp = long int; _Compare = __gnu_cxx::__ops::_Iter_less_val]	80	static
/usr/include/c++/11/bits/stl_algobase.h:750:5:_BI2 std::__copy_move_backward_a2(_BI1, _BI1, _BI2) [with bool _IsMove = true; _BI1 = long int*; _BI2 = long int*]	48	static
/usr/include/c++/11/bits/predefined_ops.h:68:7:bool __gnu_cxx::__ops::_Iter_less_val::operator()(_Iterator, _Value&) const [with _Iterator = long int*; _Value = long int]	16	static
/usr/include/c++/11/bits/stl_algobase.h:731:2:static _Tp* std::__copy_move_backward<_IsMove, true, std::random_access_iterator_tag>::__copy_move_b(const _Tp*, const _Tp*, _Tp*) [with _Tp = long int; bool _IsMove = true]	64	static
/usr/local/include/cryptopp/filters.h:1458:20:CryptoPP::StringSource::~StringSource()	32	static
/usr/local/include/cryptopp/filters.h:1458:20:virtual CryptoPP::StringSource::~StringSource()	32	static
main.cpp:520:1:void __static_initialization_and_destruction_0(int, int)	32	static
/usr/local/include/cryptopp/algparam.h:425:20:CryptoPP::AlgorithmParameters::~AlgorithmParameters()	32	static
/usr/local/include/cryptopp/algparam.h:425:20:virtual CryptoPP::AlgorithmParameters::~AlgorithmParameters()	32	static
/usr/local/include/cryptopp/sha.h:64:20:CryptoPP::SHA256::~SHA256()	32	static
/usr/local/include/cryptopp/sha.h:64:20:virtual CryptoPP::SHA256::~SHA256()	32	static
/usr/local/include/cryptopp/simple.h:197:9:CryptoPP::InputRejecting<CryptoPP::Filter>::InputRejected::~InputRejected()	32	static
/usr/local/include/cryptopp/simple.h:197:9:virtual CryptoPP::InputRejecting<CryptoPP::Filter>::InputRejected::~InputRejected()	32	static
/usr/local/include/cryptopp/simple.h:211:9:size_t CryptoPP::InputRejecting<T>::Put2(const byte*, size_t, int, bool) [with T = CryptoPP::Filter]	64	static
/usr/local/include/cryptopp/simple.h:222:7:bool CryptoPP::InputRejecting<T>::IsolatedFlush(bool, bool) [with T = CryptoPP::Filter]	16	static
/usr/local/include/cryptopp/simple.h:229:7:bool CryptoPP::InputRejecting<T>::IsolatedMessageSeriesEnd(bool) [with T = CryptoPP::Filter]	48	static
/usr/local/include/cryptopp/simple.h:239:9:size_t CryptoPP::InputRejecting<T>::ChannelPut2(const string&, const byte*, size_t, int, bool) [with T = CryptoPP::Filter]	80	static
/usr/local/include/cryptopp/simple.h:253:7:bool CryptoPP::InputRejecting<T>::ChannelMessageSeriesEnd(const string&, int, bool) [with T = CryptoPP::Filter]	64	static
/usr/local/include/cryptopp/filters.h:1437:7:void CryptoPP::SourceTemplate<T>::IsolatedInitialize(const CryptoPP::NameValuePairs&) [with T = CryptoPP::StringStore]	32	static
/usr/local/include/cryptopp/filters.h:1447:7:void CryptoPP::SourceTemplate<T>::SetAutoSignalPropagation(int) [with T = CryptoPP::StringStore]	32	static
/usr/local/include/cryptopp/filters.h:1449:6:int CryptoPP::SourceTemplate<T>::GetAutoSignalPropagation() const [with T = CryptoPP::StringStore]	32	static
/usr/local/include/cryptopp/filters.h:1439:9:size_t CryptoPP::SourceTemplate<T>::Pump2(CryptoPP::lword&, bool) [with T = CryptoPP::StringStore]	64	static
/usr/local/include/cryptopp/filters.h:1441:9:size_t CryptoPP::SourceTemplate<T>::PumpMessages2(unsigned int&, bool) [with T = CryptoPP::StringStore]	64	static
/usr/local/include/cryptopp/filters.h:1443:9:size_t CryptoPP::SourceTemplate<T>::PumpAll2(bool) [with T = CryptoPP::StringStore]	48	static
/usr/local/include/cryptopp/filters.h:1445:7:bool CryptoPP::SourceTemplate<T>::SourceExhausted() const [with T = CryptoPP::StringStore]	32	static
/usr/local/include/cryptopp/cryptlib.h:589:39:constexpr CryptoPP::Clonable::Clonable(const CryptoPP::Clonable&)	16	static
/usr/local/include/cryptopp/cryptlib.h:603:39:constexpr CryptoPP::Algorithm::Algorithm(const CryptoPP::Algorithm&)	32	static
/usr/local/include/cryptopp/cryptlib.h:1117:39:constexpr CryptoPP::HashTransformation::HashTransformation(const CryptoPP::HashTransformation&)	32	static
/usr/local/include/cryptopp/iterhash.h:38:26:constexpr CryptoPP::IteratedHashBase<unsigned int, CryptoPP::HashTransformation>::IteratedHashBase(const CryptoPP::IteratedHashBase<unsigned int, CryptoPP::HashTransformation>&)	32	static
/usr/local/include/cryptopp/secblock.h:1245:7:CryptoPP::FixedSizeSecBlock<unsigned int, 16, CryptoPP::FixedSizeAllocatorWithCleanup<unsigned int, 16, CryptoPP::NullAllocator<unsigned int>, false> >::FixedSizeSecBlock(const CryptoPP::FixedSizeSecBlock<unsigned int, 16, CryptoPP::FixedSizeAllocatorWithCleanup<unsigned int, 16, CryptoPP::NullAllocator<unsigned int>, false> >&)	32	static
/usr/local/include/cryptopp/iterhash.h:126:26:CryptoPP::IteratedHash<unsigned int, CryptoPP::EnumToType<CryptoPP::ByteOrder, 1>, 64, CryptoPP::HashTransformation>::IteratedHash(const CryptoPP::IteratedHash<unsigned int, CryptoPP::EnumToType<CryptoPP::ByteOrder, 1>, 64, CryptoPP::HashTransformation>&)	48	static
/usr/local/include/cryptopp/simple.h:39:26:CryptoPP::AlgorithmImpl<CryptoPP::IteratedHash<unsigned int, CryptoPP::EnumToType<CryptoPP::ByteOrder, 1>, 64, CryptoPP::HashTransformation>, CryptoPP::SHA256>::AlgorithmImpl(const CryptoPP::AlgorithmImpl<CryptoPP::IteratedHash<unsigned int, CryptoPP::EnumToType<CryptoPP::ByteOrder, 1>, 64, CryptoPP::HashTransformation>, CryptoPP::SHA256>&)	32	static
/usr/local/include/cryptopp/simple.h:25:26:CryptoPP::ClonableImpl<CryptoPP::SHA256, CryptoPP::AlgorithmImpl<CryptoPP::IteratedHash<unsigned int, CryptoPP::EnumToType<CryptoPP::ByteOrder, 1>, 64, CryptoPP::HashTransformation>, CryptoPP::SHA256> >::ClonableImpl(const CryptoPP::ClonableImpl<CryptoPP::SHA256, CryptoPP::AlgorithmImpl<CryptoPP::IteratedHash<unsigned int, CryptoPP::EnumToType<CryptoPP::ByteOrder, 1>, 64, CryptoPP::HashTransformation>, CryptoPP::SHA256> >&)	32	static
/usr/local/include/cryptopp/secblock.h:1245:7:CryptoPP::FixedSizeSecBlock<unsigned int, 16, CryptoPP::FixedSizeAllocatorWithCleanup<unsigned int, 16, CryptoPP::NullAllocator<unsigned int>, true> >::FixedSizeSecBlock(const CryptoPP::FixedSizeSecBlock<unsigned int, 16, CryptoPP::FixedSizeAllocatorWithCleanup<unsigned int, 16, CryptoPP::NullAllocator<unsigned int>, true> >&)	32	static
/usr/local/include/cryptopp/secblock.h:1258:7:CryptoPP::FixedSizeAlignedSecBlock<unsigned int, 16, true>::FixedSizeAlignedSecBlock(const CryptoPP::FixedSizeAlignedSecBlock<unsigned int, 16, true>&)	32	static
/usr/local/include/cryptopp/iterhash.h:180:26:CryptoPP::IteratedHashWithStaticTransform<unsigned int, CryptoPP::EnumToType<CryptoPP::ByteOrder, 1>, 64, 32, CryptoPP::SHA256, 32, true>::IteratedHashWithStaticTransform(const CryptoPP::IteratedHashWithStaticTransform<unsigned int, CryptoPP::EnumToType<CryptoPP::ByteOrder, 1>, 64, 32, CryptoPP::SHA256, 32, true>&)	48	static
/usr/local/include/cryptopp/sha.h:64:20:CryptoPP::SHA256::SHA256(const CryptoPP::SHA256&)	32	static
/usr/local/include/cryptopp/simple.h:31:13:CryptoPP::Clonable* CryptoPP::ClonableImpl<DERIVED, BASE>::Clone() const [with DERIVED = CryptoPP::SHA256; BASE = CryptoPP::AlgorithmImpl<CryptoPP::IteratedHash<unsigned int, CryptoPP::EnumToType<CryptoPP::ByteOrder, 1>, 64, CryptoPP::HashTransformation>, CryptoPP::SHA256>]	48	static
/usr/local/include/cryptopp/simple.h:51:14:std::string CryptoPP::AlgorithmImpl<BASE, ALGORITHM_INFO>::AlgorithmName() const [with BASE = CryptoPP::IteratedHash<unsigned int, CryptoPP::EnumToType<CryptoPP::ByteOrder, 1>, 64, CryptoPP::HashTransformation>; ALGORITHM_INFO = CryptoPP::SHA256]	64	static
/usr/local/include/cryptopp/iterhash.h:94:22:std::string CryptoPP::IteratedHashBase<T, BASE>::AlgorithmProvider() const [with T = unsigned int; BASE = CryptoPP::HashTransformation]	64	static
/usr/local/include/cryptopp/iterhash.h:191:15:unsigned int CryptoPP::IteratedHashWithStaticTransform<T_HashWordType, T_Endianness, T_BlockSize, T_StateSize, T_Transform, T_DigestSize, T_StateAligned>::DigestSize() const [with T_HashWordType = unsigned int; T_Endianness = CryptoPP::EnumToType<CryptoPP::ByteOrder, 1>; unsigned int T_BlockSize = 64; unsigned int T_StateSize = 32; T_Transform = CryptoPP::SHA256; unsigned int T_DigestSize = 32; bool T_StateAligned = true]	16	static
/usr/local/include/cryptopp/iterhash.h:141:15:unsigned int CryptoPP::IteratedHash<T_HashWordType, T_Endianness, T_BlockSize, T_Base>::BlockSize() const [with T_HashWordType = unsigned int; T_Endianness = CryptoPP::EnumToType<CryptoPP::ByteOrder, 1>; unsigned int T_BlockSize = 64; T_Base = CryptoPP::HashTransformation]	16	static
/usr/local/include/cryptopp/iterhash.h:53:15:unsigned int CryptoPP::IteratedHashBase<T, BASE>::OptimalBlockSize() const [with T = unsigned int; BASE = CryptoPP::HashTransformation]	32	static
/usr/local/include/cryptopp/iterhash.h:58:15:unsigned int CryptoPP::IteratedHashBase<T, BASE>::OptimalDataAlignment() const [with T = unsigned int; BASE = CryptoPP::HashTransformation]	32	static
/usr/local/include/cryptopp/iterhash.h:147:12:CryptoPP::ByteOrder CryptoPP::IteratedHash<T_HashWordType, T_Endianness, T_BlockSize, T_Base>::GetByteOrder() const [with T_HashWordType = unsigned int; T_Endianness = CryptoPP::EnumToType<CryptoPP::ByteOrder, 1>; unsigned int T_BlockSize = 64; T_Base = CryptoPP::HashTransformation]	32	static
/usr/local/include/cryptopp/iterhash.h:196:7:void CryptoPP::IteratedHashWithStaticTransform<T_HashWordType, T_Endianness, T_BlockSize, T_StateSize, T_Transform, T_DigestSize, T_StateAligned>::HashEndianCorrectedBlock(const T_HashWordType*) [with T_HashWordType = unsigned int; T_Endianness = CryptoPP::EnumToType<CryptoPP::ByteOrder, 1>; unsigned int T_BlockSize = 64; unsigned int T_StateSize = 32; T_Transform = CryptoPP::SHA256; unsigned int T_DigestSize = 32; bool T_StateAligned = true]	32	static
/usr/local/include/cryptopp/iterhash.h:166:18:T_HashWordType* CryptoPP::IteratedHash<T_HashWordType, T_Endianness, T_BlockSize, T_Base>::DataBuf() [with T_HashWordType = unsigned int; T_Endianness = CryptoPP::EnumToType<CryptoPP::ByteOrder, 1>; unsigned int T_BlockSize = 64; T_Base = CryptoPP::HashTransformation]	32	static
/usr/local/include/cryptopp/iterhash.h:200:18:T_HashWordType* CryptoPP::IteratedHashWithStaticTransform<T_HashWordType, T_Endianness, T_BlockSize, T_StateSize, T_Transform, T_DigestSize, T_StateAligned>::StateBuf() [with T_HashWordType = unsigned int; T_Endianness = CryptoPP::EnumToType<CryptoPP::ByteOrder, 1>; unsigned int T_BlockSize = 64; unsigned int T_StateSize = 32; T_Transform = CryptoPP::SHA256; unsigned int T_DigestSize = 32; bool T_StateAligned = true]	32	static
/usr/local/include/cryptopp/simple.h:126:7:bool CryptoPP::Bufferless<T>::IsolatedFlush(bool, bool) [with T = CryptoPP::Sink]	16	static
/usr/local/include/cryptopp/simple.h:197:9:CryptoPP::InputRejecting<CryptoPP::BufferedTransformation>::InputRejected::~InputRejected()	32	static
/usr/local/include/cryptopp/simple.h:197:9:virtual CryptoPP::InputRejecting<CryptoPP::BufferedTransformation>::InputRejected::~InputRejected()	32	static
/usr/local/include/cryptopp/simple.h:211:9:size_t CryptoPP::InputRejecting<T>::Put2(const byte*, size_t, int, bool) [with T = CryptoPP::BufferedTransformation]	64	static
/usr/local/include/cryptopp/simple.h:222:7:bool CryptoPP::InputRejecting<T>::IsolatedFlush(bool, bool) [with T = CryptoPP::BufferedTransformation]	16	static
/usr/local/include/cryptopp/simple.h:229:7:bool CryptoPP::InputRejecting<T>::IsolatedMessageSeriesEnd(bool) [with T = CryptoPP::BufferedTransformation]	48	static
/usr/local/include/cryptopp/simple.h:433:7:void CryptoPP::AutoSignaling<T>::SetAutoSignalPropagation(int) [with T = CryptoPP::InputRejecting<CryptoPP::BufferedTransformation>]	16	static
/usr/local/include/cryptopp/simple.h:439:6:int CryptoPP::AutoSignaling<T>::GetAutoSignalPropagation() const [with T = CryptoPP::InputRejecting<CryptoPP::BufferedTransformation>]	16	static
/usr/local/include/cryptopp/simple.h:239:9:size_t CryptoPP::InputRejecting<T>::ChannelPut2(const string&, const byte*, size_t, int, bool) [with T = CryptoPP::BufferedTransformation]	80	static
/usr/local/include/cryptopp/simple.h:253:7:bool CryptoPP::InputRejecting<T>::ChannelMessageSeriesEnd(const string&, int, bool) [with T = CryptoPP::BufferedTransformation]	64	static
/usr/local/include/cryptopp/simple.h:198:4:CryptoPP::InputRejecting<T>::InputRejected::InputRejected() [with T = CryptoPP::Filter]	96	static
/usr/local/include/cryptopp/secblock.h:773:2:CryptoPP::SecBlock<T, A>::SecBlock(const CryptoPP::SecBlock<T, A>&) [with T = unsigned int; A = CryptoPP::FixedSizeAllocatorWithCleanup<unsigned int, 16, CryptoPP::NullAllocator<unsigned int>, false>]	32	static
/usr/local/include/cryptopp/secblock.h:773:2:CryptoPP::SecBlock<T, A>::SecBlock(const CryptoPP::SecBlock<T, A>&) [with T = unsigned int; A = CryptoPP::FixedSizeAllocatorWithCleanup<unsigned int, 16, CryptoPP::NullAllocator<unsigned int>, true>]	32	static
/usr/local/include/cryptopp/cryptlib.h:142:19:static ENUM_TYPE CryptoPP::EnumToType<ENUM_TYPE, VALUE>::ToEnum() [with ENUM_TYPE = CryptoPP::ByteOrder; int VALUE = 1]	16	static
/usr/local/include/cryptopp/secblock.h:829:2:CryptoPP::SecBlock<T, A>::operator T*() [with T = unsigned int; A = CryptoPP::FixedSizeAllocatorWithCleanup<unsigned int, 16, CryptoPP::NullAllocator<unsigned int>, false>]	16	static
/usr/local/include/cryptopp/simple.h:198:4:CryptoPP::InputRejecting<T>::InputRejected::InputRejected() [with T = CryptoPP::BufferedTransformation]	96	static
main.cpp:520:1:cpp)	16	static
