./MiNTT.h:7:7:constexpr MiNTT::MiNTT()	16	static
./MiNTT.h:13:13:MiNTT::~MiNTT()	16	static
./MiNTT.h:13:13:virtual MiNTT::~MiNTT()	32	static
MiNTT128_simd_int64/MiNTT128_simd_int64.cpp:9:1:MiNTT128_SIMD_int64::MiNTT128_SIMD_int64()	48	static
MiNTT128_simd_int64/MiNTT128_simd_int64.cpp:13:6:void MiNTT128_SIMD_int64::Setup()	112	static
MiNTT128_simd_int64/MiNTT128_simd_int64.cpp:41:6:virtual void MiNTT128_SIMD_int64::Hash(uint8_t*, uint8_t*)	7216	static
MiNTT128_simd_int64/MiNTT128_simd_int64.cpp:50:6:void MiNTT128_SIMD_int64::PrintKey(std::string)	592	static
MiNTT128_simd_int64/MiNTT128_simd_int64.cpp:77:6:void MiNTT128_SIMD_int64::ncc(uint8_t*, int64_t (*)[8])	64	static
MiNTT128_simd_int64/MiNTT128_simd_int64.cpp:144:6:void MiNTT128_SIMD_int64::ntt_sum(uint8_t*, int64_t (*)[16][8])	1104	static
MiNTT128_simd_int64/MiNTT128_simd_int64.cpp:157:6:void MiNTT128_SIMD_int64::change_base(int64_t (*)[16][8], uint8_t*)	80	static
MiNTT128_simd_int64/MiNTT128_simd_int64.h:6:7:MiNTT128_SIMD_int64::~MiNTT128_SIMD_int64()	32	static
MiNTT128_simd_int64/MiNTT128_simd_int64.h:6:7:virtual MiNTT128_SIMD_int64::~MiNTT128_SIMD_int64()	32	static
MiNTT128_simd_int64/MiNTT128_simd_int64.cpp:170:1:void __static_initialization_and_destruction_0(int, int)	32	static
MiNTT128_simd_int64/MiNTT128_simd_int64.cpp:170:1:cpp)	16	static
